** Drc report for Flight Controller.kicad_pcb **
** Created on 2026-08-27T16:20:19 **
** Report includes: Errors, Warnings **

** Found 76 DRC violations **
[lib_footprint_mismatch]: Footprint 'USB-C-SMD_TYPE-C-16PIN-2MD-073' does not match copy in library 'easyeda2kicad'
    Local override; warning
    @(131.8000 mm, 82.7000 mm): Footprint USB1
[silk_overlap]: Silkscreen clearance
    Rule: board setup constraints silk; warning
    @(140.5000 mm, 104.8100 mm): Reference field of X2
    @(141.3900 mm, 105.0122 mm): Segment of C29 on F.Silkscreen
[silk_overlap]: Silkscreen clearance
    Rule: board setup constraints silk; warning
    @(140.5000 mm, 104.8100 mm): Reference field of X2
    @(139.6100 mm, 105.0172 mm): Segment of C28 on F.Silkscreen
[silk_overlap]: Silkscreen clearance
    Rule: board setup constraints silk; warning
    @(146.5250 mm, 83.2575 mm): Reference field of C31
    @(147.6564 mm, 82.2472 mm): Reference field of C18
[silk_overlap]: Silkscreen clearance
    Rule: board setup constraints silk; warning
    @(131.8028 mm, 95.5479 mm): Reference field of C15
    @(132.3197 mm, 97.1849 mm): Reference field of C32
[silk_overlap]: Silkscreen clearance
    Rule: board setup constraints silk; warning
    @(132.4900 mm, 96.6293 mm): Segment of U1 on F.Silkscreen
    @(132.3197 mm, 97.1849 mm): Reference field of C32
[silk_overlap]: Silkscreen clearance
    Rule: board setup constraints silk; warning
    @(132.4900 mm, 99.0893 mm): Segment of U1 on F.Silkscreen
    @(132.3197 mm, 97.1849 mm): Reference field of C32
[silk_overlap]: Silkscreen clearance
    Rule: board setup constraints silk; warning
    @(133.4700 mm, 97.6093 mm): Circle of U1 on F.Silkscreen
    @(132.3197 mm, 97.1849 mm): Reference field of C32
[silk_overlap]: Silkscreen clearance
    Rule: board setup constraints silk; warning
    @(134.0428 mm, 99.5885 mm): Reference field of C16
    @(134.9500 mm, 96.6293 mm): Segment of U1 on F.Silkscreen
[silk_overlap]: Silkscreen clearance
    Rule: board setup constraints silk; warning
    @(134.0428 mm, 99.5885 mm): Reference field of C16
    @(134.9500 mm, 99.0893 mm): Segment of U1 on F.Silkscreen
[silk_overlap]: Silkscreen clearance
    Rule: board setup constraints silk; warning
    @(133.7761 mm, 91.7896 mm): Reference field of C2
    @(133.7761 mm, 90.9826 mm): Reference field of C6
[silk_overlap]: Silkscreen clearance
    Rule: board setup constraints silk; warning
    @(136.4579 mm, 84.9352 mm): Reference field of R1
    @(135.4066 mm, 85.5122 mm): Reference field of U7
[silk_overlap]: Silkscreen clearance
    Rule: board setup constraints silk; warning
    @(133.8839 mm, 90.4786 mm): Segment of C2 on F.Silkscreen
    @(133.7761 mm, 90.9826 mm): Reference field of C6
[silk_overlap]: Silkscreen clearance
    Rule: board setup constraints silk; warning
    @(133.8839 mm, 91.1986 mm): Segment of C2 on F.Silkscreen
    @(133.7761 mm, 90.9826 mm): Reference field of C6
[silk_overlap]: Silkscreen clearance
    Rule: board setup constraints silk; warning
    @(135.4066 mm, 85.5122 mm): Reference field of U7
    @(135.1127 mm, 84.7816 mm): Segment of R1 on F.Silkscreen
[silk_overlap]: Silkscreen clearance
    Rule: board setup constraints silk; warning
    @(135.8727 mm, 84.7816 mm): Segment of R1 on F.Silkscreen
    @(135.4066 mm, 85.5122 mm): Reference field of U7
[silk_overlap]: Silkscreen clearance
    Rule: board setup constraints silk; warning
    @(134.0428 mm, 99.5885 mm): Reference field of C16
    @(133.0350 mm, 100.0580 mm): Reference field of C25
[silk_overlap]: Silkscreen clearance
    Rule: board setup constraints silk; warning
    @(133.6000 mm, 101.0468 mm): Reference field of SW2
    @(133.0350 mm, 100.0580 mm): Reference field of C25
[silk_overlap]: Silkscreen clearance
    Rule: board setup constraints silk; warning
    @(133.2200 mm, 99.3593 mm): Segment of U1 on F.Silkscreen
    @(133.0350 mm, 100.0580 mm): Reference field of C25
[silk_overlap]: Silkscreen clearance
    Rule: board setup constraints silk; warning
    @(133.6000 mm, 101.0468 mm): Reference field of SW2
    @(133.9122 mm, 100.5493 mm): Segment of C16 on F.Silkscreen
[silk_overlap]: Silkscreen clearance
    Rule: board setup constraints silk; warning
    @(133.6000 mm, 101.0468 mm): Reference field of SW2
    @(133.9122 mm, 101.2693 mm): Segment of C16 on F.Silkscreen
[silk_overlap]: Silkscreen clearance
    Rule: board setup constraints silk; warning
    @(133.0350 mm, 100.0580 mm): Reference field of C25
    @(133.9122 mm, 100.5493 mm): Segment of C16 on F.Silkscreen
[silk_overlap]: Silkscreen clearance
    Rule: board setup constraints silk; warning
    @(150.5730 mm, 86.6350 mm): Reference field of C24
    @(149.7000 mm, 87.1430 mm): Reference field of C3
[silk_overlap]: Silkscreen clearance
    Rule: board setup constraints silk; warning
    @(150.5730 mm, 86.6350 mm): Reference field of C24
    @(150.2650 mm, 85.4300 mm): Segment of U3 on F.Silkscreen
[silk_overlap]: Silkscreen clearance
    Rule: board setup constraints silk; warning
    @(150.8700 mm, 98.7000 mm): Reference field of R3
    @(150.8500 mm, 97.7000 mm): Reference field of R4
[silk_overlap]: Silkscreen clearance
    Rule: board setup constraints silk; warning
    @(148.8500 mm, 106.3500 mm): Reference field of C27
    @(148.5884 mm, 105.9000 mm): Reference field of SW1
[silk_overlap]: Silkscreen clearance
    Rule: board setup constraints silk; warning
    @(148.5884 mm, 105.9000 mm): Reference field of SW1
    @(148.0300 mm, 102.0700 mm): Segment of X1 on F.Silkscreen
[silk_overlap]: Silkscreen clearance
    Rule: board setup constraints silk; warning
    @(148.0300 mm, 105.4300 mm): Segment of X1 on F.Silkscreen
    @(148.5884 mm, 105.9000 mm): Reference field of SW1
[silk_overlap]: Silkscreen clearance
    Rule: board setup constraints silk; warning
    @(143.9700 mm, 102.0700 mm): Segment of X1 on F.Silkscreen
    @(146.0000 mm, 101.5000 mm): Reference field of X1
[silk_overlap]: Silkscreen clearance
    Rule: board setup constraints silk; warning
    @(151.1000 mm, 105.9000 mm): Circle of SW1 on F.Silkscreen
    @(152.3492 mm, 107.2656 mm): Reference field of C10
[silk_overlap]: Silkscreen clearance
    Rule: board setup constraints silk; warning
    @(151.2400 mm, 97.4722 mm): Segment of C4 on F.Silkscreen
    @(150.8500 mm, 97.7000 mm): Reference field of R4
[silk_overlap]: Silkscreen clearance
    Rule: board setup constraints silk; warning
    @(161.8000 mm, 92.9542 mm): Segment of L3 on F.Silkscreen
    @(161.0280 mm, 95.8906 mm): Reference field of C21
[silk_overlap]: Silkscreen clearance
    Rule: board setup constraints silk; warning
    @(152.3492 mm, 107.2656 mm): Reference field of C10
    @(152.6400 mm, 103.8700 mm): Segment of SW1 on F.Silkscreen
[silk_overlap]: Silkscreen clearance
    Rule: board setup constraints silk; warning
    @(152.3492 mm, 107.2656 mm): Reference field of C10
    @(153.4000 mm, 105.3000 mm): Reference field of R13
[silk_overlap]: Silkscreen clearance
    Rule: board setup constraints silk; warning
    @(153.4000 mm, 105.3000 mm): Reference field of R13
    @(154.2696 mm, 107.3000 mm): Reference field of C11
[silk_overlap]: Silkscreen clearance
    Rule: board setup constraints silk; warning
    @(160.7667 mm, 98.3056 mm): Segment of C21 on F.Silkscreen
    @(161.0280 mm, 98.0750 mm): Reference field of C20
[silk_overlap]: Silkscreen clearance
    Rule: board setup constraints silk; warning
    @(162.4028 mm, 103.1386 mm): Segment of L2 on F.Silkscreen
    @(162.1030 mm, 104.6250 mm): Reference field of U6
[silk_overlap]: Silkscreen clearance
    Rule: board setup constraints silk; warning
    @(156.6000 mm, 107.4000 mm): Reference field of C12
    @(156.0500 mm, 106.1250 mm): Segment of U6 on F.Silkscreen
[silk_overlap]: Silkscreen clearance
    Rule: board setup constraints silk; warning
    @(156.6000 mm, 107.4000 mm): Reference field of C12
    @(156.0500 mm, 105.7350 mm): Segment of U6 on F.Silkscreen
[silk_overlap]: Silkscreen clearance
    Rule: board setup constraints silk; warning
    @(155.5000 mm, 107.5000 mm): Reference field of C14
    @(156.6000 mm, 107.4000 mm): Reference field of C12
[silk_overlap]: Silkscreen clearance
    Rule: board setup constraints silk; warning
    @(152.6400 mm, 107.9300 mm): Segment of SW1 on F.Silkscreen
    @(152.3492 mm, 107.2656 mm): Reference field of C10
[silk_over_copper]: Silkscreen clipped by solder mask
    Local override; warning
    @(138.7500 mm, 103.9000 mm): Circle of X2 on F.Silkscreen
    @(139.2500 mm, 103.0000 mm): Pad 1 [/LSE_IN] of X2 on F.Cu
[silk_over_copper]: Silkscreen clipped by solder mask
    Local override; warning
    @(132.3197 mm, 97.1849 mm): Reference field of C32
    @(131.8028 mm, 97.4529 mm): Pad 2 [GND] of C15 on F.Cu
[silk_over_copper]: Silkscreen clipped by solder mask
    Local override; warning
    @(132.3197 mm, 97.1849 mm): Reference field of C32
    @(133.4700 mm, 97.0793 mm): Pad 7 [/BMP_INT] of U1 on F.Cu
[silk_over_copper]: Silkscreen clipped by solder mask
    Local override; warning
    @(132.3197 mm, 97.1849 mm): Reference field of C32
    @(132.9400 mm, 97.3593 mm): Pad 8 [GND] of U1 on F.Cu
[silk_over_copper]: Silkscreen clipped by solder mask
    Local override; warning
    @(132.3197 mm, 97.1849 mm): Reference field of C32
    @(132.9400 mm, 97.8593 mm): Pad 9 [GND] of U1 on F.Cu
[silk_over_copper]: Silkscreen clipped by solder mask
    Local override; warning
    @(133.7761 mm, 90.9826 mm): Reference field of C6
    @(134.2561 mm, 90.8386 mm): Pad 1 [+3.3V] of C2 on F.Cu
[silk_over_copper]: Silkscreen clipped by solder mask
    Local override; warning
    @(126.8300 mm, 78.2000 mm): Segment of USB1 on F.Silkscreen
    @(129.4200 mm, 78.3800 mm): PTH pad 13 [GND] of USB1
[silk_over_copper]: Silkscreen clipped by solder mask
    Local override; warning
    @(126.9700 mm, 87.2700 mm): Segment of USB1 on F.Silkscreen
    @(129.4200 mm, 87.0200 mm): PTH pad 14 [GND] of USB1
[silk_over_copper]: Silkscreen clipped by solder mask
    Local override; warning
    @(130.4000 mm, 87.2700 mm): Segment of USB1 on F.Silkscreen
    @(129.4200 mm, 87.0200 mm): PTH pad 14 [GND] of USB1
[silk_over_copper]: Silkscreen clipped by solder mask
    Local override; warning
    @(130.4100 mm, 78.2000 mm): Segment of USB1 on F.Silkscreen
    @(129.4200 mm, 78.3800 mm): PTH pad 13 [GND] of USB1
[silk_over_copper]: Silkscreen clipped by solder mask
    Local override; warning
    @(134.4500 mm, 78.2500 mm): Circle of USB1 on F.Silkscreen
    @(133.6300 mm, 78.3800 mm): PTH pad 13 [GND] of USB1
[silk_over_copper]: Silkscreen clipped by solder mask
    Local override; warning
    @(135.4066 mm, 85.5122 mm): Reference field of U7
    @(135.4927 mm, 85.4452 mm): Pad 2 [GND] of R1 on F.Cu
[silk_over_copper]: Silkscreen clipped by solder mask
    Local override; warning
    @(135.4066 mm, 85.5122 mm): Reference field of U7
    @(135.4927 mm, 84.4252 mm): Pad 1 [Net-(USB1-CC2)] of R1 on F.Cu
[silk_over_copper]: Silkscreen clipped by solder mask
    Local override; warning
    @(135.4066 mm, 85.5122 mm): Reference field of U7
    @(134.1800 mm, 85.9000 mm): Pad B1A12 [GND] of USB1 on F.Cu
[silk_over_copper]: Silkscreen clipped by solder mask
    Local override; warning
    @(133.7761 mm, 90.9826 mm): Reference field of C6
    @(133.2961 mm, 90.8386 mm): Pad 2 [GND] of C2 on F.Cu
[silk_over_copper]: Silkscreen clipped by solder mask
    Local override; warning
    @(133.6000 mm, 101.0468 mm): Reference field of SW2
    @(133.5400 mm, 100.9093 mm): Pad 1 [+3.3V] of C16 on F.Cu
[silk_over_copper]: Silkscreen clipped by solder mask
    Local override; warning
    @(133.6000 mm, 101.0468 mm): Reference field of SW2
    @(134.5000 mm, 100.9093 mm): Pad 2 [GND] of C16 on F.Cu
[silk_over_copper]: Silkscreen clipped by solder mask
    Local override; warning
    @(150.8700 mm, 98.7000 mm): Reference field of R3
    @(151.6000 mm, 98.0600 mm): Pad 2 [GND] of C4 on F.Cu
[silk_over_copper]: Silkscreen clipped by solder mask
    Local override; warning
    @(152.3492 mm, 107.2656 mm): Reference field of C10
    @(151.1000 mm, 108.0800 mm): Pad 1 [GND] of SW1 on F.Cu
[silk_over_copper]: Silkscreen clipped by solder mask
    Local override; warning
    @(152.2484 mm, 101.8836 mm): Reference field of C30
    @(151.1000 mm, 103.7200 mm): Pad 2 [/RESET] of SW1 on F.Cu
[silk_over_copper]: Silkscreen clipped by solder mask
    Local override; warning
    @(150.8500 mm, 97.7000 mm): Reference field of R4
    @(151.6000 mm, 97.1000 mm): Pad 1 [+3.3V] of C4 on F.Cu
[silk_over_copper]: Silkscreen clipped by solder mask
    Local override; warning
    @(150.8500 mm, 97.7000 mm): Reference field of R4
    @(151.6000 mm, 98.0600 mm): Pad 2 [GND] of C4 on F.Cu
[silk_over_copper]: Silkscreen clipped by solder mask
    Local override; warning
    @(150.5730 mm, 86.6350 mm): Reference field of C24
    @(150.5950 mm, 85.1100 mm): Pad 12 [/ICM_CS] of U3 on F.Cu
[silk_over_copper]: Silkscreen clipped by solder mask
    Local override; warning
    @(150.5730 mm, 86.6350 mm): Reference field of C24
    @(151.0950 mm, 85.1100 mm): Pad 13 [/ICM_SCK] of U3 on F.Cu
[silk_over_copper]: Silkscreen clipped by solder mask
    Local override; warning
    @(161.0280 mm, 95.8906 mm): Reference field of C21
    @(160.2000 mm, 95.5542 mm): Pad 2 [+3.3V] of L3 on F.Cu
[silk_over_copper]: Silkscreen clipped by solder mask
    Local override; warning
    @(161.0280 mm, 98.0750 mm): Reference field of C20
    @(160.0780 mm, 97.5706 mm): Pad 1 [+3.3V] of C21 on F.Cu
[silk_over_copper]: Silkscreen clipped by solder mask
    Local override; warning
    @(161.0280 mm, 98.0750 mm): Reference field of C20
    @(161.9780 mm, 97.5706 mm): Pad 2 [GND] of C21 on F.Cu
[silk_over_copper]: Silkscreen clipped by solder mask
    Local override; warning
    @(153.4000 mm, 105.3000 mm): Reference field of R13
    @(153.9448 mm, 104.3846 mm): Pad 2 [FB] of R13 on F.Cu
[silk_over_copper]: Silkscreen clipped by solder mask
    Local override; warning
    @(154.2696 mm, 107.3000 mm): Reference field of C11
    @(154.9608 mm, 106.3098 mm): Pad 1 [GND] of C14 on F.Cu
[silk_over_copper]: Silkscreen clipped by solder mask
    Local override; warning
    @(162.1030 mm, 104.6250 mm): Reference field of U6
    @(160.8028 mm, 105.7386 mm): Pad 2 [Net-(U6-L2)] of L2 on F.Cu
[silk_over_copper]: Silkscreen clipped by solder mask
    Local override; warning
    @(162.1030 mm, 104.6250 mm): Reference field of U6
    @(160.8028 mm, 103.5386 mm): Pad 1 [Net-(U6-L1)] of L2 on F.Cu
[silk_over_copper]: Silkscreen clipped by solder mask
    Local override; warning
    @(156.6000 mm, 107.4000 mm): Reference field of C12
    @(156.6000 mm, 106.0250 mm): Pad 5 [FB] of U6 on F.Cu
[silk_over_copper]: Silkscreen clipped by solder mask
    Local override; warning
    @(156.6000 mm, 107.4000 mm): Reference field of C12
    @(157.1000 mm, 106.0250 mm): Pad 6 [GND] of U6 on F.Cu
[silk_over_copper]: Silkscreen clipped by solder mask
    Local override; warning
    @(155.5000 mm, 107.5000 mm): Reference field of C14
    @(154.9608 mm, 106.3098 mm): Pad 1 [GND] of C14 on F.Cu
[silk_over_copper]: Silkscreen clipped by solder mask
    Local override; warning
    @(164.6000 mm, 85.7354 mm): Reference field of R14
    @(162.7000 mm, 85.4000 mm): Pad 10 [GND] of CN1 on F.Cu

** Found 0 unconnected pads **

** Found 0 Footprint errors **

** Ignored checks **
    - Footprint has no courtyard defined
    - Track endpoint not centered on via
    - Tuning profile track geometries
    - Footprint doesn't match symbol's footprint filters
    - Footprint component type doesn't match footprint pads

** End of Report **
